This file contains any messages produced by compilers while
running configure, to aid debugging if configure makes a mistake.

It was created by configure, which was
generated by GNU Autoconf 2.71.  Invocation command line was

  $ ./configure --with-php-config=/usr/bin/php-config --with-oci8=shared,/var/www/laravel111ecommerce/instantclient

## --------- ##
## Platform. ##
## --------- ##

hostname = 2eb519542756
uname -m = x86_64
uname -r = 5.15.0-139-generic
uname -s = Linux
uname -v = #149~20.04.1-Ubuntu SMP Wed Apr 16 08:29:56 UTC 2025

/usr/bin/uname -p = x86_64
/bin/uname -X     = unknown

/bin/arch              = x86_64
/usr/bin/arch -k       = unknown
/usr/convex/getsysinfo = unknown
/usr/bin/hostinfo      = unknown
/bin/machine           = unknown
/usr/bin/oslevel       = unknown
/bin/universe          = unknown

PATH: /home/laradock/.yarn/bin/
PATH: /home/laradock/.yarn/bin/
PATH: /home/laradock/.config/yarn/global/node_modules/.bin/
PATH: /home/laradock/.nvm/versions/node/v24.3.0/bin/
PATH: /var/www/vendor/bin/
PATH: ~/.composer/vendor/bin/
PATH: /usr/local/sbin/
PATH: /usr/local/bin/
PATH: /usr/sbin/
PATH: /usr/bin/
PATH: /sbin/
PATH: /bin/
PATH: /home/laradock/.local/share/pnpm/
PATH: /home/laradock/.yarn/bin/


## ----------- ##
## Core tests. ##
## ----------- ##

configure:2601: looking for aux files: ltmain.sh config.guess config.sub
configure:2614:  trying ./build/
configure:2643:   ./build/ltmain.sh found
configure:2643:   ./build/config.guess found
configure:2643:   ./build/config.sub found
configure:2760: checking for grep that handles long lines and -e
configure:2824: result: /usr/bin/grep
configure:2829: checking for egrep
configure:2897: result: /usr/bin/grep -E
configure:2902: checking for a sed that does not truncate output
configure:2972: result: /usr/bin/sed
configure:3116: checking for pkg-config
configure:3139: found /usr/bin/pkg-config
configure:3151: result: /usr/bin/pkg-config
configure:3176: checking pkg-config is at least version 0.9.0
configure:3179: result: yes
configure:3255: checking for cc
configure:3276: found /usr/bin/cc
configure:3287: result: cc
configure:3318: checking for C compiler version
configure:3327: cc --version >&5
cc (Ubuntu 13.3.0-6ubuntu2~24.04) 13.3.0
Copyright (C) 2023 Free Software Foundation, Inc.
This is free software; see the source for copying conditions.  There is NO
warranty; not even for MERCHANTABILITY or FITNESS FOR A PARTICULAR PURPOSE.

configure:3338: $? = 0
configure:3327: cc -v >&5
Using built-in specs.
COLLECT_GCC=cc
COLLECT_LTO_WRAPPER=/usr/libexec/gcc/x86_64-linux-gnu/13/lto-wrapper
OFFLOAD_TARGET_NAMES=nvptx-none:amdgcn-amdhsa
OFFLOAD_TARGET_DEFAULT=1
Target: x86_64-linux-gnu
Configured with: ../src/configure -v --with-pkgversion='Ubuntu 13.3.0-6ubuntu2~24.04' --with-bugurl=file:///usr/share/doc/gcc-13/README.Bugs --enable-languages=c,ada,c++,go,d,fortran,objc,obj-c++,m2 --prefix=/usr --with-gcc-major-version-only --program-suffix=-13 --program-prefix=x86_64-linux-gnu- --enable-shared --enable-linker-build-id --libexecdir=/usr/libexec --without-included-gettext --enable-threads=posix --libdir=/usr/lib --enable-nls --enable-bootstrap --enable-clocale=gnu --enable-libstdcxx-debug --enable-libstdcxx-time=yes --with-default-libstdcxx-abi=new --enable-libstdcxx-backtrace --enable-gnu-unique-object --disable-vtable-verify --enable-plugin --enable-default-pie --with-system-zlib --enable-libphobos-checking=release --with-target-system-zlib=auto --enable-objc-gc=auto --enable-multiarch --disable-werror --enable-cet --with-arch-32=i686 --with-abi=m64 --with-multilib-list=m32,m64,mx32 --enable-multilib --with-tune=generic --enable-offload-targets=nvptx-none=/build/gcc-13-fG75Ri/gcc-13-13.3.0/debian/tmp-nvptx/usr,amdgcn-amdhsa=/build/gcc-13-fG75Ri/gcc-13-13.3.0/debian/tmp-gcn/usr --enable-offload-defaulted --without-cuda-driver --enable-checking=release --build=x86_64-linux-gnu --host=x86_64-linux-gnu --target=x86_64-linux-gnu --with-build-config=bootstrap-lto-lean --enable-link-serialization=2
Thread model: posix
Supported LTO compression algorithms: zlib zstd
gcc version 13.3.0 (Ubuntu 13.3.0-6ubuntu2~24.04) 
... rest of stderr output deleted ...
configure:3338: $? = 0
configure:3327: cc -V >&5
cc: error: unrecognized command-line option '-V'
cc: fatal error: no input files
compilation terminated.
configure:3338: $? = 1
configure:3327: cc -qversion >&5
cc: error: unrecognized command-line option '-qversion'; did you mean '--version'?
cc: fatal error: no input files
compilation terminated.
configure:3338: $? = 1
configure:3327: cc -version >&5
cc: error: unrecognized command-line option '-version'
cc: fatal error: no input files
compilation terminated.
configure:3338: $? = 1
configure:3358: checking whether the C compiler works
configure:3380: cc    conftest.c  >&5
configure:3384: $? = 0
configure:3434: result: yes
configure:3437: checking for C compiler default output file name
configure:3439: result: a.out
configure:3445: checking for suffix of executables
configure:3452: cc -o conftest    conftest.c  >&5
configure:3456: $? = 0
configure:3479: result: 
configure:3501: checking whether we are cross compiling
configure:3509: cc -o conftest    conftest.c  >&5
configure:3513: $? = 0
configure:3520: ./conftest
configure:3524: $? = 0
configure:3539: result: no
configure:3544: checking for suffix of object files
configure:3567: cc -c   conftest.c >&5
configure:3571: $? = 0
configure:3593: result: o
configure:3597: checking whether the compiler supports GNU C
configure:3617: cc -c   conftest.c >&5
configure:3617: $? = 0
configure:3627: result: yes
configure:3638: checking whether cc accepts -g
configure:3659: cc -c -g  conftest.c >&5
configure:3659: $? = 0
configure:3703: result: yes
configure:3723: checking for cc option to enable C11 features
configure:3738: cc  -c -g -O2  conftest.c >&5
configure:3738: $? = 0
configure:3756: result: none needed
configure:3872: checking how to run the C preprocessor
configure:3898: cc -E  conftest.c
configure:3898: $? = 0
configure:3913: cc -E  conftest.c
conftest.c:9:10: fatal error: ac_nonexistent.h: No such file or directory
    9 | #include <ac_nonexistent.h>
      |          ^~~~~~~~~~~~~~~~~~
compilation terminated.
configure:3913: $? = 1
configure: failed program was:
| /* confdefs.h */
| #define PACKAGE_NAME ""
| #define PACKAGE_TARNAME ""
| #define PACKAGE_VERSION ""
| #define PACKAGE_STRING ""
| #define PACKAGE_BUGREPORT ""
| #define PACKAGE_URL ""
| /* end confdefs.h.  */
| #include <ac_nonexistent.h>
configure:3940: result: cc -E
configure:3954: cc -E  conftest.c
configure:3954: $? = 0
configure:3969: cc -E  conftest.c
conftest.c:9:10: fatal error: ac_nonexistent.h: No such file or directory
    9 | #include <ac_nonexistent.h>
      |          ^~~~~~~~~~~~~~~~~~
compilation terminated.
configure:3969: $? = 1
configure: failed program was:
| /* confdefs.h */
| #define PACKAGE_NAME ""
| #define PACKAGE_TARNAME ""
| #define PACKAGE_VERSION ""
| #define PACKAGE_STRING ""
| #define PACKAGE_BUGREPORT ""
| #define PACKAGE_URL ""
| /* end confdefs.h.  */
| #include <ac_nonexistent.h>
configure:4002: checking for icc
configure:4012: result: no
configure:4026: checking for suncc
configure:4036: result: no
configure:4054: checking for system library directory
configure:4070: result: lib
configure:4077: checking if compiler supports -Wl,-rpath,
configure:4097: cc -o conftest -g -O2   conftest.c -Wl,-rpath,/usr/lib  >&5
configure:4097: $? = 0
configure:4108: result: yes
configure:4163: checking build system type
configure:4178: result: x86_64-pc-linux-gnu
configure:4198: checking host system type
configure:4212: result: x86_64-pc-linux-gnu
configure:4232: checking target system type
configure:4246: result: x86_64-pc-linux-gnu
configure:4350: checking for PHP prefix
configure:4352: result: /usr
configure:4354: checking for PHP includes
configure:4356: result: -I/usr/include/php/20230831 -I/usr/include/php/20230831/main -I/usr/include/php/20230831/TSRM -I/usr/include/php/20230831/Zend -I/usr/include/php/20230831/ext -I/usr/include/php/20230831/ext/date/lib
configure:4358: checking for PHP extension directory
configure:4360: result: /usr/lib/php/20230831
configure:4362: checking for PHP installed headers prefix
configure:4364: result: /usr/include/php/20230831
configure:4367: checking if debug is enabled
configure:4394: result: no
configure:4397: checking if zts is enabled
configure:4424: result: no
configure:4493: checking for gawk
configure:4529: result: no
configure:4493: checking for nawk
configure:4515: found /usr/bin/nawk
configure:4526: result: nawk
configure:4549: checking if nawk is broken
configure:4556: result: no
configure:4592: checking for Oracle Database OCI8 support
configure:4633: result: yes, shared
configure:4645: checking PHP version
configure:4677: result: 8.3.22, ok
configure:4681: checking OCI8 DTrace support
configure:4815: result: no
configure:4823: checking size of long
configure:4829: cc -o conftest -g -O2   conftest.c  >&5
configure:4829: $? = 0
configure:4829: ./conftest
configure:4829: $? = 0
configure:4844: result: 8
configure:4852: checking if we're at 64-bit platform
configure:4864: result: yes
configure:4904: checking Oracle ORACLE_HOME install directory
configure:4912: result: /var/www/laravel111ecommerce/instantclient
configure:4916: checking ORACLE_HOME library validity
configure:4919: error: /var/www/laravel111ecommerce/instantclient is not a directory

## ---------------- ##
## Cache variables. ##
## ---------------- ##

ac_cv_build=x86_64-pc-linux-gnu
ac_cv_c_compiler_gnu=yes
ac_cv_env_CC_set=
ac_cv_env_CC_value=
ac_cv_env_CFLAGS_set=
ac_cv_env_CFLAGS_value=
ac_cv_env_CPPFLAGS_set=
ac_cv_env_CPPFLAGS_value=
ac_cv_env_CPP_set=
ac_cv_env_CPP_value=
ac_cv_env_LDFLAGS_set=
ac_cv_env_LDFLAGS_value=
ac_cv_env_LIBS_set=
ac_cv_env_LIBS_value=
ac_cv_env_LT_SYS_LIBRARY_PATH_set=
ac_cv_env_LT_SYS_LIBRARY_PATH_value=
ac_cv_env_PKG_CONFIG_LIBDIR_set=
ac_cv_env_PKG_CONFIG_LIBDIR_value=
ac_cv_env_PKG_CONFIG_PATH_set=
ac_cv_env_PKG_CONFIG_PATH_value=
ac_cv_env_PKG_CONFIG_set=
ac_cv_env_PKG_CONFIG_value=
ac_cv_env_build_alias_set=
ac_cv_env_build_alias_value=
ac_cv_env_host_alias_set=
ac_cv_env_host_alias_value=
ac_cv_env_target_alias_set=
ac_cv_env_target_alias_value=
ac_cv_host=x86_64-pc-linux-gnu
ac_cv_objext=o
ac_cv_path_EGREP='/usr/bin/grep -E'
ac_cv_path_GREP=/usr/bin/grep
ac_cv_path_SED=/usr/bin/sed
ac_cv_path_ac_pt_PKG_CONFIG=/usr/bin/pkg-config
ac_cv_prog_AWK=nawk
ac_cv_prog_CPP='cc -E'
ac_cv_prog_ac_ct_CC=cc
ac_cv_prog_cc_c11=
ac_cv_prog_cc_g=yes
ac_cv_prog_cc_stdc=
ac_cv_sizeof_long=8
ac_cv_target=x86_64-pc-linux-gnu
php_cv_cc_rpath=yes

## ----------------- ##
## Output variables. ##
## ----------------- ##

AR=''
AWK='nawk'
BUILD_CC=''
CC='cc'
CFLAGS='-g -O2'
CONFIGURE_COMMAND=' '\''./configure'\''  '\''--with-php-config=/usr/bin/php-config'\'' '\''--with-oci8=shared,/var/www/laravel111ecommerce/instantclient'\'''
CONFIGURE_OPTIONS=' '\''--with-php-config=/usr/bin/php-config'\'' '\''--with-oci8=shared,/var/www/laravel111ecommerce/instantclient'\'''
CPP='cc -E'
CPPFLAGS=''
DEFS=''
DLLTOOL=''
DSYMUTIL=''
DUMPBIN=''
ECHO_C=''
ECHO_N='-n'
ECHO_T=''
EGREP='/usr/bin/grep -E'
EXEEXT=''
FGREP=''
FILECMD=''
GREP='/usr/bin/grep'
LD=''
LDFLAGS=''
LIBOBJS=''
LIBS=''
LIBTOOL=''
LIPO=''
LN_S=''
LTLIBOBJS=''
LT_SYS_LIBRARY_PATH=''
MANIFEST_TOOL=''
NM=''
NMEDIT=''
OBJDUMP=''
OBJEXT='o'
OCI8_DIR='/var/www/laravel111ecommerce/instantclient'
OCI8_ORACLE_VERSION=''
OCI8_SHARED_LIBADD=''
OTOOL64=''
OTOOL=''
PACKAGE_BUGREPORT=''
PACKAGE_NAME=''
PACKAGE_STRING=''
PACKAGE_TARNAME=''
PACKAGE_URL=''
PACKAGE_VERSION=''
PATH_SEPARATOR=':'
PKG_CONFIG='/usr/bin/pkg-config'
PKG_CONFIG_LIBDIR=''
PKG_CONFIG_PATH=''
RANLIB=''
SED='/usr/bin/sed'
SHELL='/bin/bash'
SHLIB_DL_SUFFIX_NAME='so'
SHLIB_SUFFIX_NAME='so'
STRIP=''
ac_ct_AR=''
ac_ct_CC='cc'
ac_ct_DUMPBIN=''
bindir='${exec_prefix}/bin'
build='x86_64-pc-linux-gnu'
build_alias=''
build_cpu='x86_64'
build_os='linux-gnu'
build_vendor='pc'
datadir='${datarootdir}'
datarootdir='${prefix}/share'
docdir='${datarootdir}/doc/${PACKAGE}'
dvidir='${docdir}'
exec_prefix='NONE'
host='x86_64-pc-linux-gnu'
host_alias='x86_64-pc-linux-gnu'
host_cpu='x86_64'
host_os='linux-gnu'
host_vendor='pc'
htmldir='${docdir}'
includedir='${prefix}/include'
infodir='${datarootdir}/info'
libdir='${exec_prefix}/lib'
libexecdir='${exec_prefix}/libexec'
localedir='${datarootdir}/locale'
localstatedir='${prefix}/var'
mandir='${datarootdir}/man'
oldincludedir='/usr/include'
pdfdir='${docdir}'
prefix='/usr'
program_transform_name='s,x,x,'
psdir='${docdir}'
runstatedir='${localstatedir}/run'
sbindir='${exec_prefix}/sbin'
sharedstatedir='${prefix}/com'
sysconfdir='${prefix}/etc'
target='x86_64-pc-linux-gnu'
target_alias=''
target_cpu='x86_64'
target_os='linux-gnu'
target_vendor='pc'

## ----------- ##
## confdefs.h. ##
## ----------- ##

/* confdefs.h */
#define PACKAGE_NAME ""
#define PACKAGE_TARNAME ""
#define PACKAGE_VERSION ""
#define PACKAGE_STRING ""
#define PACKAGE_BUGREPORT ""
#define PACKAGE_URL ""
#define SIZEOF_LONG 8

configure: exit 1
